Timer decrement process started...
2026-01-30 19:07:01 → Updated 27 timers (-3s)
2026-01-30 19:07:07 → Updated 27 timers (-3s)
2026-01-30 19:07:13 → Updated 27 timers (-3s)
2026-01-30 19:07:19 → Updated 27 timers (-3s)
2026-01-30 19:07:25 → Updated 27 timers (-3s)
2026-01-30 19:07:31 → Updated 27 timers (-3s)
2026-01-30 19:07:37 → Updated 27 timers (-3s)
2026-01-30 19:07:43 → Updated 27 timers (-3s)
2026-01-30 19:06:50 → Updated 27 timers (-3s)
2026-01-30 19:06:56 → Updated 27 timers (-3s)
⏹ Timer decrement process completed for this minute (60 seconds applied).
 27 timers (-3s)
2026-01-30 19:04:57 → Updated 27 timers (-3s)
⏹ Timer decrement process completed for this minute (60 seconds applied).
27 timers (-3s)
2026-01-30 19:03:49 → Updated 1 timers (-3s)
2026-01-30 19:03:52 → Updated 27 timers (-3s)
2026-01-30 19:03:55 → Updated 1 timers (-3s)
2026-01-30 19:03:58 → Updated 27 timers (-3s)
⏹ Timer decrement process completed for this minute (60 seconds applied).

mpleted for this minute (60 seconds applied).
).
).




Updated 7 latest timers with decrement of 3 seconds.
2026-01-15 13:55:47 → Updated 17 latest timers with decrement of 3 seconds.
2026-01-15 13:55:50 → Updated 7 latest timers with decrement of 3 seconds.
2026-01-15 13:55:53 → Updated 17 latest timers with decrement of 3 seconds.
2026-01-15 13:55:56 → Updated 7 latest timers with decrement of 3 seconds.
2026-01-15 13:55:59 → Updated 17 latest timers with decrement of 3 seconds.
⏹ Timer decrement process completed for this minute.
crement of 3 seconds.
⏹ Timer decrement process completed for this minute.

te.
ute.
